── code-slop gate ─────────────────────────────
aislop : score 100 · 0 error(s) · 0 warning(s)
jscpd  : 5.76171875% duplication · 12 clone(s) · 118 line(s)
ratchet: 0 relevant · 0 inherited · 0 regression(s)
───────────────────────────────────────────────
✓ PASS — no code-slop over threshold.
── alignment gate ─────────────────────────────
scanned: 0 changed code file(s) · 0 error(s) · 0 warning(s)
───────────────────────────────────────────────
✓ PASS — no completion-theater or scope violations over threshold.
╭──────────────────────────────────────────╮
│ 🥊 lefthook  v2.1.12   hook:  commit-msg │
╰──────────────────────────────────────────╯
sync hooks: ✔️(commit-msg)
┃  no-ai-trailers ❯

  ────────────────────────────────────
summary: (done in 0.01 seconds)
✔️ no-ai-trailers (0.01 seconds)
[091-osv-swarm 6d3953f] fix(ci): repair OSV scanner argument contract
 2 files changed, 25 insertions(+), 2 deletions(-)
 create mode 100644 specs/091-osv-swarm/spec.md
