 Inputs
2026-09-21T09:22:48.3679748Z   scan-args: --recursive
--skip-git
./
2026-09-21T09:22:48.3681126Z   results-file-name: results.sarif
2026-09-21T09:22:48.3682132Z   download-artifact:
2026-09-21T09:22:48.3683295Z   upload-sarif: true
2026-09-21T09:22:48.3684194Z   fail-on-vuln: true
2026-09-21T09:22:48.3685047Z   matrix-property:
2026-09-21T09:22:48.3685897Z   checkout-submodules: false
2026-09-21T09:22:48.3686795Z   ref:
2026-09-21T09:22:48.3687566Z   export-results: false
2026-09-21T09:22:48.3688427Z   runs-on: ubuntu-latest
2026-09-21T09:22:48.3689304Z ##[endgroup]
2026-09-21T09:22:48.3690162Z Complete job name: OSV-Scanner V2 / osv-scan
2026-09-21T09:22:48.4187919Z
##[group]Run google/osv-scanner-action/osv-scanner-action@7f58dd6750d78fc29a900ba64b1a0f946f62fba4
2026-09-21T09:22:58.1426364Z with:
2026-09-21T09:22:58.1426810Z   scan-args: --output=results.json
--format=json
--recursive
--skip-git
./
2026-09-21T09:22:58.1427294Z env:
2026-09-21T09:22:58.1427626Z   GOTOOLCHAIN: auto
2026-09-21T09:22:58.1428106Z ##[endgroup]
2026-09-21T09:22:58.1545095Z ##[command]/usr/bin/docker run --name ghcriogoogleosvscanneractionv260_33ac03 --label e2329f --workdir /github/workspace --rm -e "GOTOOLCHAIN" -e "INPUT_SCAN-ARGS" -e "HOME" -e "GITHUB_JOB" -e "GITHUB_REF" -e "GITHUB_SHA" -e "GITHUB_REPOSITORY" -e "GITHUB_REPOSITORY_OWNER" -e "GITHUB_REPOSITORY_OWNER_ID" -e "GITHUB_RUN_ID" -e "GITHUB_RUN_NUMBER" -e "GITHUB_RETENTION_DAYS" -e "GITHUB_RUN_ATTEMPT" -e "GITHUB_ACTOR_ID" -e "GITHUB_ACTOR" -e "GITHUB_WORKFLOW" -e "GITHUB_HEAD_REF" -e "GITHUB_BASE_REF" -e "GITHUB_EVENT_NAME" -e "GITHUB_SERVER_URL" -e "GITHUB_API_URL" -e "GITHUB_GRAPHQL_URL" -e "GITHUB_REF_NAME" -e "GITHUB_REF_PROTECTED" -e "GITHUB_REF_TYPE" -e "GITHUB_WORKFLOW_REF" -e "GITHUB_WORKFLOW_SHA" -e "GITHUB_REPOSITORY_ID" -e "GITHUB_TRIGGERING_ACTOR" -e "GITHUB_WORKSPACE" -e "GITHUB_ACTION" -e "GITHUB_EVENT_PATH" -e "GITHUB_ACTION_REPOSITORY" -e "GITHUB_ACTION_REF" -e "GITHUB_PATH" -e "GITHUB_ENV" -e "GITHUB_STEP_SUMMARY" -e "GITHUB_STATE" -e "GITHUB_OUTPUT" -e "GITHUB_ARTIFACTS" -e "GITHUB_ARTIFACTS_LIST" -e "RUNNER_OS" -e "RUNNER_ARCH" -e "RUNNER_NAME" -e "RUNNER_ENVIRONMENT" -e "RUNNER_TOOL_CACHE" -e "RUNNER_TEMP" -e "RUNNER_WORKSPACE" -e "ACTIONS_RUNTIME_URL" -e "ACTIONS_RUNTIME_TOKEN" -e "ACTIONS_CACHE_URL" -e "ACTIONS_RESULTS_URL" -e "ACTIONS_CACHE_MODE" -e "ACTIONS_ORCHESTRATION_ID" -e GITHUB_ACTIONS=true -e CI=true -v "/var/run/docker.sock":"/var/run/docker.sock" -v "/home/runner/work/_temp":"/github/runner_temp" -v "/home/runner/work/_temp/_github_home":"/github/home" -v "/home/runner/work/_temp/_github_workflow":"/github/workflow" -v "/home/runner/work/_temp/_runner_file_commands":"/github/file_commands" -v "/home/runner/work/chrome-bridge/chrome-bridge":"/github/workspace" ghcr.io/google/osv-scanner-action:v2.6.0  "--output=results.json
--format=json
--recursive
--skip-git
./"
2026-09-21T09:22:58.4594368Z Incorrect Usage: flag provided but not defined: -skip-git
2026-09-21T09:22:58.4595067Z NAME:
2026-09-21T09:22:58.4595808Z
2026-09-21T09:22:58.4599646Z flag provided but not defined: -skip-git
2026-09-21T09:22:58.4600696Z    osv-scanner scan source - scans a source project's dependencies for known vulnerabilities using the OSV database.
2026-09-21T09:22:58.4601443Z
2026-09-21T09:22:58.4601644Z USAGE:
2026-09-21T09:22:58.4602093Z    osv-scanner scan source [directory1 directory2...]
2026-09-21T09:22:58.4602326Z
2026-09-21T09:22:58.4602489Z DESCRIPTION:
2026-09-21T09:22:58.4602956Z    scans a source project's dependencies for known vulnerabilities using the OSV database.
2026-09-21T09:22:58.4603319Z
2026-09-21T09:22:58.4603465Z OPTIONS:
2026-09-21T09:22:58.4604005Z    --lockfile string, -L string [ --lockfile string, -L string ]                    scan package lockfile on this path
2026-09-21T09:22:58.4604860Z    --sbom string, -S string [ --sbom string, -S string ]                            [DEPRECATED] scan sbom file on this path, the sbom file name must follow the relevant spec
2026-09-21T09:22:58.4605617Z    --recursive, -r                                                                  check subdirectories
2026-09-21T09:22:58.4606208Z    --no-ignore                                                                      also scan files that would be ignored by .gitignore
2026-09-21T09:22:58.4606830Z    --include-git-root                                                               include scanning git root (non-submoduled) repositories
2026-09-21T09:22:58.4607823Z    --experimental-exclude string [ --experimental-exclude string ]                  exclude directory paths during scanning; use g:pattern for glob, r:pattern for regex, or just dirname for exact match (can be repeated)
2026-09-21T09:22:58.4609200Z    --data-source string                                                             source to fetch package information from; value can be: deps.dev, native (default: "deps.dev")
2026-09-21T09:22:58.4610055Z    --maven-registry string                                                          URL of the default registry to fetch Maven metadata
2026-09-21T09:22:58.4610891Z    --config string                                                                  set/override config file
2026-09-21T09:22:58.4612344Z    --format string, -f string                                                       sets the output format; value can be: table, html, vertical, json, markdown, sarif, gh-annotations, cyclonedx-1-4, cyclonedx-1-5, cyclonedx-1-6, cyclonedx-1-7, spdx-2-3 (default: "table")
2026-09-21T09:22:58.4613859Z    --serve                                                                          output as HTML result and serve it locally
2026-09-21T09:22:58.4614759Z    --port string                                                                    port number to use when serving HTML report (default: 8000)
2026-09-21T09:22:58.4615917Z    --output string                                                                  [DEPRECATED] (Use "--output-file" instead) saves the result to the given file path
2026-09-21T09:22:58.4616921Z    --output-file string                                                             saves the result to the given file path
2026-09-21T09:22:58.4618220Z    --verbosity string                                                               specify the level of information that should be provided during runtime; value can be: error, warn, info (default: "info")
2026-09-21T09:22:58.4619668Z    --offline                                                                        run in offline mode, disabling any features requiring network access
2026-09-21T09:22:58.4621036Z    --offline-vulnerabilities                                                        checks for vulnerabilities using local databases that are already cached
2026-09-21T09:22:58.4621878Z    --download-offline-databases                                                     downloads vulnerability databases for offline comparison
2026-09-21T09:22:58.4623232Z    --call-analysis string [ --call-analysis string ]                                Enable call analysis for specific languages (e.g. --call-analysis=go). Supported: go, rust (*). (*) Will run build scripts.
2026-09-21T09:22:58.4624525Z    --no-call-analysis string [ --no-call-analysis string ]                          disables call graph analysis
2026-09-21T09:22:58.4625624Z    --no-resolve                                                                     disable transitive dependency resolution of manifest files
2026-09-21T09:22:58.4627064Z    --allow-no-lockfiles                                                             has the scanner consider no lockfiles being found as ok
2026-09-21T09:22:58.4628069Z    --all-packages                                                                   when json output is selected, prints all packages
2026-09-21T09:22:58.4629498Z    --all-vulns                                                                      show all vulnerabilities including unimportant and uncalled ones
2026-09-21T09:22:58.4630547Z    --licenses value                                                                 report on licenses based on an allowlist
2026-09-21T09:22:58.4632018Z    --experimental-flag-deprecated-packages                                          report if package versions are deprecated
2026-09-21T09:22:58.4633334Z    --experimental-plugins string [ --experimental-plugins string ]                  list of specific plugins and presets of plugins to use (default: "lockfile", "sbom", "directory")
2026-09-21T09:22:58.4634875Z    --experimental-disable-plugins string [ --experimental-disable-plugins string ]  list of specific plugins and presets of plugins to not use
2026-09-21T09:22:58.4637254Z    --experimental-no-default-plugins                                                disable default plugins, instead using only those enabled by --experimental-plugins
2026-09-21T09:22:58.4638369Z    --help, -h                                                                       show help
2026-09-21T09:22:58.4639081Z Exit code: 127
2026-09-21T09:22:58.5627172Z
##[group]Run if [ ! -s "${RESULTS}" ]; then
2026-09-21T09:22:58.5627772Z if [ ! -s "${RESULTS}" ]; then
2026-09-21T09:22:58.5628667Z   echo "::error::OSV-Scanner failed without writing ${RESULTS}, so there are no results to report on. Failing the job rather than reporting no vulnerabilities found. See the \"Run scanner\" step for the cause."
2026-09-21T09:22:58.5629485Z   exit 1
2026-09-21T09:22:58.5629758Z fi
2026-09-21T09:22:58.5657095Z shell: /usr/bin/bash -e {0}
2026-09-21T09:22:58.5657563Z env:
2026-09-21T09:22:58.5657861Z   RESULTS: results.json
2026-09-21T09:22:58.5658156Z ##[endgroup]
2026-09-21T09:22:58.5742720Z ##[error]OSV-Scanner failed without writing results.json, so there are no results to report on. Failing the job rather than reporting no vulnerabilities found. See the "Run scanner" step for the cause.
2026-09-21T09:22:58.5752649Z ##[error]Process completed with exit code 1.
2026-09-21T09:22:58.5847673Z
##[group]Run actions/upload-artifact@043fb46d1a93c77aae656e7c1c64a875d1fc6a0a
2026-09-21T09:22:58.5848198Z with:
2026-09-21T09:22:58.5848512Z   name: OSV Scanner SARIF file
2026-09-21T09:22:58.5848883Z   path: results.sarif
2026-09-21T09:22:58.5849216Z   retention-days: 5
2026-09-21T09:22:58.5849530Z   if-no-files-found: warn
2026-09-21T09:22:58.5849877Z   compression-level: 6
2026-09-21T09:22:58.5850191Z   overwrite: false
2026-09-21T09:22:58.5851000Z   include-hidden-files: false
2026-09-21T09:22:58.5851353Z   archive: true
2026-09-21T09:22:58.5851652Z ##[endgroup]
2026-09-21T09:22:58.7201877Z ##[warning]No files were found with the provided path: results.sarif. No artifacts will be uploaded.
2026-09-21T09:22:58.7343301Z
##[group]Run github/codeql-action/upload-sarif@5595ccaf912efad79be6eef63a5619ff05969be3
2026-09-21T09:22:58.7343839Z with:
2026-09-21T09:22:58.7344128Z   sarif_file: results.sarif
2026-09-21T09:22:58.7344517Z   checkout_path: /home/runner/work/chrome-bridge/chrome-bridge
2026-09-21T09:22:58.7347135Z   token: ***
2026-09-21T09:22:58.7347407Z   matrix: null
2026-09-21T09:22:58.7347735Z   wait-for-processing: true
2026-09-21T09:22:58.7348058Z ##[endgroup]
2026-09-21T09:22:58.9696102Z Job run UUID is 066ef281-e373-41fc-88ba-548e0e14624e.
2026-09-21T09:22:59.5892985Z ##[error]Path does not exist: results.sarif
2026-09-21T09:22:59.9155472Z
