── code-slop gate ─────────────────────────────
aislop : score 100 · 0 error(s) · 0 warning(s)
jscpd  : 0.0% duplication · 0 clone(s) · 0 line(s)
ratchet: 0 relevant · 0 inherited · 0 regression(s)
───────────────────────────────────────────────
✓ PASS — no code-slop over threshold.
── alignment gate ─────────────────────────────
scanned: 1 changed code file(s) · 0 error(s) · 0 warning(s)
───────────────────────────────────────────────
✓ PASS — no completion-theater or scope violations over threshold.
╭──────────────────────────────────────────╮
│ 🥊 lefthook  v2.1.12   hook:  commit-msg │
╰──────────────────────────────────────────╯
sync hooks: ❌
│  Skipping hook sync: could not replace the hook: can't rename pre-commit to pre-commit.old - file already exists
┃  commitlint ❯

┃  no-ai-trailers ❯

  ────────────────────────────────────
summary: (done in 1.64 seconds)
✔️ commitlint (1.63 seconds)
✔️ no-ai-trailers (0.01 seconds)
[091-osv-swarm 7686b01] fix(ci): retain private security scan artifacts
 4 files changed, 96 insertions(+), 10 deletions(-)
 create mode 100644 specs/091-osv-swarm/spec.md
 create mode 100644 tests/test_security_workflows.py
