 Inputs
2026-09-21T12:13:24.0713976Z   scan-args: --recursive
--skip-git
./
2026-09-21T12:13:24.0714294Z   results-file-name: results.sarif
2026-09-21T12:13:24.0714566Z   download-artifact:
2026-09-21T12:13:24.0715160Z   upload-sarif: true
2026-09-21T12:13:24.0715417Z   fail-on-vuln: true
2026-09-21T12:13:24.0715642Z   matrix-property:
2026-09-21T12:13:24.0715880Z   checkout-submodules: false
2026-09-21T12:13:24.0716116Z   ref:
2026-09-21T12:13:24.0716316Z   export-results: false
2026-09-21T12:13:24.0716555Z   runs-on: ubuntu-latest
2026-09-21T12:13:24.0716789Z ##[endgroup]
2026-09-21T12:13:24.0717023Z Complete job name: OSV-Scanner V2 / osv-scan
2026-09-21T12:13:24.1214809Z
##[group]Run google/osv-scanner-action/osv-scanner-action@06b2ab4348248b456ee06c9e953637f55e03504f
2026-09-21T12:13:34.8270435Z with:
2026-09-21T12:13:34.8270777Z   scan-args: --output=results.json
--format=json
--recursive
--skip-git
./
2026-09-21T12:13:34.8271170Z env:
2026-09-21T12:13:34.8271352Z   GOTOOLCHAIN: auto
2026-09-21T12:13:34.8271556Z ##[endgroup]
2026-09-21T12:13:34.8388706Z ##[command]/usr/bin/docker run --name ghcriogoogleosvscanneractionv250_660d92 --label 6361e5 --workdir /github/workspace --rm -e "GOTOOLCHAIN" -e "INPUT_SCAN-ARGS" -e "HOME" -e "GITHUB_JOB" -e "GITHUB_REF" -e "GITHUB_SHA" -e "GITHUB_REPOSITORY" -e "GITHUB_REPOSITORY_OWNER" -e "GITHUB_REPOSITORY_OWNER_ID" -e "GITHUB_RUN_ID" -e "GITHUB_RUN_NUMBER" -e "GITHUB_RETENTION_DAYS" -e "GITHUB_RUN_ATTEMPT" -e "GITHUB_ACTOR_ID" -e "GITHUB_ACTOR" -e "GITHUB_WORKFLOW" -e "GITHUB_HEAD_REF" -e "GITHUB_BASE_REF" -e "GITHUB_EVENT_NAME" -e "GITHUB_SERVER_URL" -e "GITHUB_API_URL" -e "GITHUB_GRAPHQL_URL" -e "GITHUB_REF_NAME" -e "GITHUB_REF_PROTECTED" -e "GITHUB_REF_TYPE" -e "GITHUB_WORKFLOW_REF" -e "GITHUB_WORKFLOW_SHA" -e "GITHUB_REPOSITORY_ID" -e "GITHUB_TRIGGERING_ACTOR" -e "GITHUB_WORKSPACE" -e "GITHUB_ACTION" -e "GITHUB_EVENT_PATH" -e "GITHUB_ACTION_REPOSITORY" -e "GITHUB_ACTION_REF" -e "GITHUB_PATH" -e "GITHUB_ENV" -e "GITHUB_STEP_SUMMARY" -e "GITHUB_STATE" -e "GITHUB_OUTPUT" -e "GITHUB_ARTIFACTS" -e "GITHUB_ARTIFACTS_LIST" -e "RUNNER_OS" -e "RUNNER_ARCH" -e "RUNNER_NAME" -e "RUNNER_ENVIRONMENT" -e "RUNNER_TOOL_CACHE" -e "RUNNER_TEMP" -e "RUNNER_WORKSPACE" -e "ACTIONS_RUNTIME_URL" -e "ACTIONS_RUNTIME_TOKEN" -e "ACTIONS_CACHE_URL" -e "ACTIONS_RESULTS_URL" -e "ACTIONS_CACHE_MODE" -e "ACTIONS_ORCHESTRATION_ID" -e GITHUB_ACTIONS=true -e CI=true -v "/var/run/docker.sock":"/var/run/docker.sock" -v "/home/runner/work/_temp":"/github/runner_temp" -v "/home/runner/work/_temp/_github_home":"/github/home" -v "/home/runner/work/_temp/_github_workflow":"/github/workflow" -v "/home/runner/work/_temp/_runner_file_commands":"/github/file_commands" -v "/home/runner/work/pedro-portfolio-recipes/pedro-portfolio-recipes":"/github/workspace" ghcr.io/google/osv-scanner-action:v2.5.0  "--output=results.json
--format=json
--recursive
--skip-git
./"
2026-09-21T12:13:35.2262362Z Incorrect Usage: flag provided but not defined: -skip-git
2026-09-21T12:13:35.2278978Z NAME:
2026-09-21T12:13:35.2297926Z
2026-09-21T12:13:35.2299505Z    osv-scanner scan source - scans a source project's dependencies for known vulnerabilities using the OSV database.
2026-09-21T12:13:35.2330175Z flag provided but not defined: -skip-git
2026-09-21T12:13:35.2330575Z
2026-09-21T12:13:35.2333486Z USAGE:
2026-09-21T12:13:35.2343719Z    osv-scanner scan source [directory1 directory2...]
2026-09-21T12:13:35.2383576Z
2026-09-21T12:13:35.2408419Z DESCRIPTION:
2026-09-21T12:13:35.2412318Z    scans a source project's dependencies for known vulnerabilities using the OSV database.
2026-09-21T12:13:35.2430262Z
2026-09-21T12:13:35.2434442Z OPTIONS:
2026-09-21T12:13:35.2450976Z    --lockfile string, -L string [ --lockfile string, -L string ]                    scan package lockfile on this path
2026-09-21T12:13:35.2471808Z    --sbom string, -S string [ --sbom string, -S string ]                            [DEPRECATED] scan sbom file on this path, the sbom file name must follow the relevant spec
2026-09-21T12:13:35.2490137Z    --recursive, -r                                                                  check subdirectories
2026-09-21T12:13:35.2506618Z    --no-ignore                                                                      also scan files that would be ignored by .gitignore
2026-09-21T12:13:35.2522687Z    --include-git-root                                                               include scanning git root (non-submoduled) repositories
2026-09-21T12:13:35.2542929Z    --experimental-exclude string [ --experimental-exclude string ]                  exclude directory paths during scanning; use g:pattern for glob, r:pattern for regex, or just dirname for exact match (can be repeated)
2026-09-21T12:13:35.2551019Z    --data-source string                                                             source to fetch package information from; value can be: deps.dev, native (default: "deps.dev")
2026-09-21T12:13:35.2552918Z    --maven-registry string                                                          URL of the default registry to fetch Maven metadata
2026-09-21T12:13:35.2554380Z    --config string                                                                  set/override config file
2026-09-21T12:13:35.2556591Z    --format string, -f string                                                       sets the output format; value can be: table, html, vertical, json, markdown, sarif, gh-annotations, cyclonedx-1-4, cyclonedx-1-5, cyclonedx-1-6, cyclonedx-1-7, spdx-2-3 (default: "table")
2026-09-21T12:13:35.2558917Z    --serve                                                                          output as HTML result and serve it locally
2026-09-21T12:13:35.2560752Z    --port string                                                                    port number to use when serving HTML report (default: 8000)
2026-09-21T12:13:35.2562422Z    --output string                                                                  [DEPRECATED] (Use "--output-file" instead) saves the result to the given file path
2026-09-21T12:13:35.2563965Z    --output-file string                                                             saves the result to the given file path
2026-09-21T12:13:35.2565757Z    --verbosity string                                                               specify the level of information that should be provided during runtime; value can be: error, warn, info (default: "info")
2026-09-21T12:13:35.2567610Z    --offline                                                                        run in offline mode, disabling any features requiring network access
2026-09-21T12:13:35.2569225Z    --offline-vulnerabilities                                                        checks for vulnerabilities using local databases that are already cached
2026-09-21T12:13:35.2571590Z    --download-offline-databases                                                     downloads vulnerability databases for offline comparison
2026-09-21T12:13:35.2573685Z    --call-analysis string [ --call-analysis string ]                                Enable call analysis for specific languages (e.g. --call-analysis=go). Supported: go, rust (*). (*) Will run build scripts.
2026-09-21T12:13:35.2575773Z    --no-call-analysis string [ --no-call-analysis string ]                          disables call graph analysis
2026-09-21T12:13:35.2577308Z    --no-resolve                                                                     disable transitive dependency resolution of manifest files
2026-09-21T12:13:35.2579237Z    --allow-no-lockfiles                                                             has the scanner consider no lockfiles being found as ok
2026-09-21T12:13:35.2581212Z    --all-packages                                                                   when json output is selected, prints all packages
2026-09-21T12:13:35.2582748Z    --all-vulns                                                                      show all vulnerabilities including unimportant and uncalled ones
2026-09-21T12:13:35.2584196Z    --licenses value                                                                 report on licenses based on an allowlist
2026-09-21T12:13:35.2585720Z    --experimental-flag-deprecated-packages                                          report if package versions are deprecated
2026-09-21T12:13:35.2587763Z    --experimental-plugins string [ --experimental-plugins string ]                  list of specific plugins and presets of plugins to use (default: "lockfile", "sbom", "directory")
2026-09-21T12:13:35.2591239Z    --experimental-disable-plugins string [ --experimental-disable-plugins string ]  list of specific plugins and presets of plugins to not use
2026-09-21T12:13:35.2593669Z    --experimental-no-default-plugins                                                disable default plugins, instead using only those enabled by --experimental-plugins
2026-09-21T12:13:35.2595324Z    --help, -h                                                                       show help
2026-09-21T12:13:35.2596225Z Exit code: 127
2026-09-21T12:13:35.3532485Z
##[group]Run google/osv-scanner-action/osv-reporter-action@06b2ab4348248b456ee06c9e953637f55e03504f
2026-09-21T12:13:35.3533373Z with:
2026-09-21T12:13:35.3534072Z   scan-args: --output=results.sarif
--new=results.json
--gh-annotations=false
--fail-on-vuln=true
2026-09-21T12:13:35.3535014Z ##[endgroup]
2026-09-21T12:13:35.3554844Z ##[command]/usr/bin/docker run --name ghcriogoogleosvscanneractionv250_dbddc6 --label 6361e5 --workdir /github/workspace --rm -e "INPUT_SCAN-ARGS" -e "HOME" -e "GITHUB_JOB" -e "GITHUB_REF" -e "GITHUB_SHA" -e "GITHUB_REPOSITORY" -e "GITHUB_REPOSITORY_OWNER" -e "GITHUB_REPOSITORY_OWNER_ID" -e "GITHUB_RUN_ID" -e "GITHUB_RUN_NUMBER" -e "GITHUB_RETENTION_DAYS" -e "GITHUB_RUN_ATTEMPT" -e "GITHUB_ACTOR_ID" -e "GITHUB_ACTOR" -e "GITHUB_WORKFLOW" -e "GITHUB_HEAD_REF" -e "GITHUB_BASE_REF" -e "GITHUB_EVENT_NAME" -e "GITHUB_SERVER_URL" -e "GITHUB_API_URL" -e "GITHUB_GRAPHQL_URL" -e "GITHUB_REF_NAME" -e "GITHUB_REF_PROTECTED" -e "GITHUB_REF_TYPE" -e "GITHUB_WORKFLOW_REF" -e "GITHUB_WORKFLOW_SHA" -e "GITHUB_REPOSITORY_ID" -e "GITHUB_TRIGGERING_ACTOR" -e "GITHUB_WORKSPACE" -e "GITHUB_ACTION" -e "GITHUB_EVENT_PATH" -e "GITHUB_ACTION_REPOSITORY" -e "GITHUB_ACTION_REF" -e "GITHUB_PATH" -e "GITHUB_ENV" -e "GITHUB_STEP_SUMMARY" -e "GITHUB_STATE" -e "GITHUB_OUTPUT" -e "GITHUB_ARTIFACTS" -e "GITHUB_ARTIFACTS_LIST" -e "RUNNER_OS" -e "RUNNER_ARCH" -e "RUNNER_NAME" -e "RUNNER_ENVIRONMENT" -e "RUNNER_TOOL_CACHE" -e "RUNNER_TEMP" -e "RUNNER_WORKSPACE" -e "ACTIONS_RUNTIME_URL" -e "ACTIONS_RUNTIME_TOKEN" -e "ACTIONS_CACHE_URL" -e "ACTIONS_RESULTS_URL" -e "ACTIONS_CACHE_MODE" -e "ACTIONS_ORCHESTRATION_ID" -e GITHUB_ACTIONS=true -e CI=true --entrypoint "/root/osv-reporter" -v "/var/run/docker.sock":"/var/run/docker.sock" -v "/home/runner/work/_temp":"/github/runner_temp" -v "/home/runner/work/_temp/_github_home":"/github/home" -v "/home/runner/work/_temp/_github_workflow":"/github/workflow" -v "/home/runner/work/_temp/_runner_file_commands":"/github/file_commands" -v "/home/runner/work/pedro-portfolio-recipes/pedro-portfolio-recipes":"/github/workspace" ghcr.io/google/osv-scanner-action:v2.5.0  "--output=results.sarif
--new=results.json
--gh-annotations=false
--fail-on-vuln=true"
2026-09-21T12:13:35.5588618Z Warning: --output has been deprecated in favor of --output-files
2026-09-21T12:13:35.5600993Z failed to open new results at results.json: failed to load 'results.json' - likely because previous step failed.
2026-09-21T12:13:35.5640282Z
2026-09-21T12:13:35.5641164Z No issues found
2026-09-21T12:13:35.6846297Z
##[group]Run actions/upload-artifact@bbbca2ddaa5d8feaa63e36b76fdaad77386f024f
2026-09-21T12:13:35.6847068Z with:
2026-09-21T12:13:35.6847403Z   name: OSV Scanner SARIF file
2026-09-21T12:13:35.6847813Z   path: results.sarif
2026-09-21T12:13:35.6848182Z   retention-days: 5
2026-09-21T12:13:35.6848546Z   if-no-files-found: warn
2026-09-21T12:13:35.6848953Z   compression-level: 6
2026-09-21T12:13:35.6849751Z   overwrite: false
2026-09-21T12:13:35.6850147Z   include-hidden-files: false
2026-09-21T12:13:35.6850568Z   archive: true
2026-09-21T12:13:35.6850952Z ##[endgroup]
2026-09-21T12:13:35.8747807Z With the provided path, there will be 1 file uploaded
2026-09-21T12:13:35.8748990Z Artifact name is valid!
2026-09-21T12:13:35.8749747Z Root directory input is valid!
2026-09-21T12:13:36.2280708Z Uploading artifact: OSV Scanner SARIF file.zip
2026-09-21T12:13:36.2281636Z Beginning upload of artifact content to blob storage
2026-09-21T12:13:36.4907756Z Uploaded bytes 589
2026-09-21T12:13:36.5487549Z Finished uploading artifact content to blob storage!
2026-09-21T12:13:36.5490768Z SHA256 digest of uploaded artifact is 81a623c907f9e386120b11e1297a74a71ab8af707066033a8477ccea353fbbf5
2026-09-21T12:13:36.5492254Z Finalizing artifact upload
2026-09-21T12:13:36.9220370Z Artifact OSV Scanner SARIF file successfully finalized. Artifact ID 10637354678
2026-09-21T12:13:36.9222150Z Artifact OSV Scanner SARIF file has been successfully uploaded! Final size is 589 bytes. Artifact ID is 10637354678
2026-09-21T12:13:36.9240493Z Artifact download URL: https://github.com/yolo-labz/pedro-portfolio-recipes/actions/runs/35598274900/artifacts/10637354678
2026-09-21T12:13:36.9420345Z
##[group]Run github/codeql-action/upload-sarif@cdefb33c0f6224e58673d9004f47f7cb3e328b89
2026-09-21T12:13:36.9420865Z with:
2026-09-21T12:13:36.9421082Z   sarif_file: results.sarif
2026-09-21T12:13:36.9421509Z   checkout_path: /home/runner/work/pedro-portfolio-recipes/pedro-portfolio-recipes
2026-09-21T12:13:36.9424517Z   token: ***
2026-09-21T12:13:36.9424728Z   matrix: null
2026-09-21T12:13:36.9424949Z   wait-for-processing: true
2026-09-21T12:13:36.9425210Z ##[endgroup]
2026-09-21T12:13:37.8952086Z Post-processing sarif files: ["results.sarif"]
2026-09-21T12:13:37.8956137Z Validating results.sarif
2026-09-21T12:13:37.9136587Z Adding fingerprints to SARIF file. See https://docs.github.com/en/enterprise-cloud@latest/code-security/code-scanning/integrating-with-code-scanning/sarif-support-for-code-scanning#providing-data-to-track-code-scanning-alerts-across-runs for more information.
2026-09-21T12:13:37.9141173Z
##[group]Uploading code scanning results
2026-09-21T12:13:37.9162841Z (node:2654) [DEP0169] DeprecationWarning: `url.parse()` behavior is not standardized and prone to errors that have security implications. Use the WHATWG URL API instead. CVEs are not issued for `url.parse()` vulnerabilities.
2026-09-21T12:13:37.9165271Z (Use `node --trace-deprecation ...` to show where the warning was created)
2026-09-21T12:13:37.9257848Z Uploading results
2026-09-21T12:13:38.1363221Z ##[warning]Advanced Security must be enabled for this repository to use code scanning. - https://docs.github.com/rest
2026-09-21T12:13:38.1378054Z ##[error]Please verify that the necessary features are enabled: Advanced Security must be enabled for this repository to use code scanning. - https://docs.github.com/rest
2026-09-21T12:13:38.9628795Z
