.FFF
======================================================================
FAIL: test_osv_still_scans_and_fails_on_vulnerabilities (contract.SecurityWorkflows.test_osv_still_scans_and_fails_on_vulnerabilities)
----------------------------------------------------------------------
Traceback (most recent call last):
  File "/home/notroot/Documents/Code/yolo-labz/pedro-portfolio-recipes-091-osv-swarm/tests/test_security_workflows.py", line 33, in test_osv_still_scans_and_fails_on_vulnerabilities
    self.assertNotIn("--skip-git", text)
    ~~~~~~~~~~~~~~~~^^^^^^^^^^^^^^^^^^^^
AssertionError: '--skip-git' unexpectedly found in 'name: OSV-Scanner\n\non:\n  push:\n    branches: [main]\n  pull_request:\n    branches: [main]\n  schedule:\n    # Weekly Monday 06:00 UTC.\n    - cron: "0 6 * * 1"\n  workflow_dispatch:\n\npermissions:\n  contents: read\n  security-events: write\n  actions: read\n\njobs:\n  scan:\n    name: OSV-Scanner V2\n    uses: google/osv-scanner-action/.github/workflows/osv-scanner-reusable.yml@8deb546fdb875b9996d27d4950be7312dac076a1 # v2.5.0\n    permissions:\n      contents: read\n      security-events: write\n      actions: read\n    with:\n      scan-args: |-\n        --recursive\n        --skip-git\n        ./\n      upload-sarif: true\n'

======================================================================
FAIL: test_scorecard_retains_sarif_without_code_scanning (contract.SecurityWorkflows.test_scorecard_retains_sarif_without_code_scanning)
----------------------------------------------------------------------
Traceback (most recent call last):
  File "/home/notroot/Documents/Code/yolo-labz/pedro-portfolio-recipes-091-osv-swarm/tests/test_security_workflows.py", line 22, in test_scorecard_retains_sarif_without_code_scanning
    self.assertNotIn("github/codeql-action/upload-sarif@", text)
    ~~~~~~~~~~~~~~~~^^^^^^^^^^^^^^^^^^^^^^^^^^^^^^^^^^^^^^^^^^^^
AssertionError: 'github/codeql-action/upload-sarif@' unexpectedly found in 'name: Scorecard\n\non:\n  branch_protection_rule:\n  schedule:\n    # Weekly Tuesday 07:00 UTC.\n    - cron: "0 7 * * 2"\n  push:\n    branches: [main]\n  workflow_dispatch:\n\npermissions: read-all\n\njobs:\n  analysis:\n    name: Scorecard analysis\n    runs-on: ubuntu-latest\n    permissions:\n      security-events: write\n      id-token: write\n      contents: read\n      actions: read\n    steps:\n      - name: Checkout\n        uses: actions/checkout@3d3c42e5aac5ba805825da76410c181273ba90b1 # v7.0.1\n        with:\n          persist-credentials: false\n\n      - name: Run analysis\n        uses: ossf/scorecard-action@2d1146689b8cda280b9bc96326124645441f03bc # v2.4.4\n        with:\n          results_file: results.sarif\n          results_format: sarif\n          publish_results: true\n\n      - name: Upload SARIF to code scanning\n        uses: github/codeql-action/upload-sarif@5595ccaf912efad79be6eef63a5619ff05969be3 # v4.37.6\n        with:\n          sarif_file: results.sarif\n'

======================================================================
FAIL: test_scorecard_still_analyzes_without_publication (contract.SecurityWorkflows.test_scorecard_still_analyzes_without_publication)
----------------------------------------------------------------------
Traceback (most recent call last):
  File "/home/notroot/Documents/Code/yolo-labz/pedro-portfolio-recipes-091-osv-swarm/tests/test_security_workflows.py", line 14, in test_scorecard_still_analyzes_without_publication
    self.assertRegex(text, r"(?m)^          publish_results: false$")
    ~~~~~~~~~~~~~~~~^^^^^^^^^^^^^^^^^^^^^^^^^^^^^^^^^^^^^^^^^^^^^^^^^
AssertionError: Regex didn't match: '(?m)^          publish_results: false$' not found in 'name: Scorecard\n\non:\n  branch_protection_rule:\n  schedule:\n    # Weekly Tuesday 07:00 UTC.\n    - cron: "0 7 * * 2"\n  push:\n    branches: [main]\n  workflow_dispatch:\n\npermissions: read-all\n\njobs:\n  analysis:\n    name: Scorecard analysis\n    runs-on: ubuntu-latest\n    permissions:\n      security-events: write\n      id-token: write\n      contents: read\n      actions: read\n    steps:\n      - name: Checkout\n        uses: actions/checkout@3d3c42e5aac5ba805825da76410c181273ba90b1 # v7.0.1\n        with:\n          persist-credentials: false\n\n      - name: Run analysis\n        uses: ossf/scorecard-action@2d1146689b8cda280b9bc96326124645441f03bc # v2.4.4\n        with:\n          results_file: results.sarif\n          results_format: sarif\n          publish_results: true\n\n      - name: Upload SARIF to code scanning\n        uses: github/codeql-action/upload-sarif@5595ccaf912efad79be6eef63a5619ff05969be3 # v4.37.6\n        with:\n          sarif_file: results.sarif\n'

----------------------------------------------------------------------
Ran 4 tests in 0.004s

FAILED (failures=3)
Expected red regression: 3 failures on original workflows; immutable pins already pass.
